
======================================================================
MODEL PRESENTS DATA POPULATION TEST
======================================================================

[OK] Test Record: J144-0002
     lot_id: LID170120261320050005
     Original no_of_model_cases: None (type: <class 'NoneType'>)

[INFO] Testing parse_model_cases with original data...

≡ƒº⌐ parse_model_cases called with: None (type: <class 'NoneType'>)
   Γ¥î No no_of_model_cases provided, returning empty list
[OK] Parsed result: [] (type: <class 'list'>)

[INFO] Testing full jig_detail processing...
≡ƒöì ==> Starting InprocessInspectionView.get_context_data
≡ƒôè Total JigCompleted found: 2

==================================================
≡ƒöº Processing JigDetail #1 (ID: 5)
   lot_id: LID170120260035510001

≡ƒöÄ get_multiple_lot_ids for JigDetail ID: 5
   ≡ƒöì Checking new_lot_ids field: None
   ≡ƒöì Checking lot_ids field: None
   ≡ƒô¥ Using single lot_id as fallback: [LID170120260035510001]
   multiple_lot_ids found: ['LID170120260035510001']
   no_of_model_cases: None

≡ƒÄ» process_new_lot_ids called with: ['LID170120260035510001']
   Γ£à Processing 1 lot_ids: ['LID170120260035510001']
   ≡ƒôª Found 1 in TotalStockModel
   ≡ƒôª Found 0 in RecoveryStockModel
   ≡ƒÅ¡ Found 1 ModelMasterCreation objects
   ≡ƒöä Processing lot_id: LID170120260035510001
     Γ£à Found in TotalStock -> ModelMaster
   ≡ƒÄë process_new_lot_ids FINAL RESULT:
      plating_stk_nos: ['1805QSP02/GUN']
      polishing_stk_nos: ['1805XSP02']
      version_names: 'P'

≡ƒÄ▓ process_model_cases_corrected called with:
   no_of_model_cases: None
   lot_ids: ['LID170120260035510001']
   Γ¥î No model_cases or lot_ids provided, returning empty data

≡ƒöä create_enhanced_jig_detail:
   lot_ids_data: {'plating_stk_nos': ['1805QSP02/GUN'], 'polishing_stk_nos': ['1805XSP02'], 'version_names': 'P', 'plating_stk_nos_list': ['1805QSP02/GUN'], 'polishing_stk_nos_list': ['1805XSP02'], 'version_names_list': ['P']}
   model_cases_data: {'model_plating_stk_nos': '', 'model_polishing_stk_nos': '', 'model_version_names': '', 'model_plating_stk_nos_list': [], 'model_polishing_stk_nos_list': [], 'model_version_names_list': []}
   ≡ƒöä Plating color fallback from TotalStockModel: IP-GUN
   ≡ƒöä Tray info fallback from TotalStockModel: type=Jumbo, capacity=12
   ≡ƒô¥ Multi-lot data assigned (as lists):
      lot_plating_stk_nos: ['1805QSP02/GUN']
      lot_polishing_stk_nos: ['1805XSP02']
      lot_version_names: 'P'
   ≡ƒô¥ Multi-model data assigned:
      model_plating_stk_nos: ''
      model_polishing_stk_nos: ''
      model_version_names: ''
   ≡ƒÄ» Final combined data (model takes priority):
      final_plating_stk_nos: '1805QSP02/GUN'
      final_polishing_stk_nos: '1805XSP02'
      final_version_names: 'P'
   ≡ƒÜ⌐ Indicators:
      has_multiple_lots: True
      has_multiple_models: False

≡ƒöº apply_existing_logic for single lot_id: LID170120260035510001
   Γä╣∩╕Å No models for jig_detail, initialized empty dicts
Γ£à Final Results for JigDetail #1:
   final_plating_stk_nos: 1805QSP02/GUN
   final_polishing_stk_nos: 1805XSP02
   final_version_names: P

==================================================
≡ƒöº Processing JigDetail #2 (ID: 4)
   lot_id: LID170120261320050005

≡ƒöÄ get_multiple_lot_ids for JigDetail ID: 4
   ≡ƒöì Checking new_lot_ids field: None
   ≡ƒöì Checking lot_ids field: None
   ≡ƒô¥ Using single lot_id as fallback: [LID170120261320050005]
   multiple_lot_ids found: ['LID170120261320050005']
   no_of_model_cases: None

≡ƒÄ» process_new_lot_ids called with: ['LID170120261320050005']
   Γ£à Processing 1 lot_ids: ['LID170120261320050005']
   ≡ƒôª Found 1 in TotalStockModel
   ≡ƒôª Found 0 in RecoveryStockModel
   ≡ƒÅ¡ Found 1 ModelMasterCreation objects
   ≡ƒöä Processing lot_id: LID170120261320050005
     Γ£à Found in TotalStock -> ModelMaster
   ≡ƒÄë process_new_lot_ids FINAL RESULT:
      plating_stk_nos: ['2617NSA02']
      polishing_stk_nos: ['2617XSA02']
      version_names: 'A'

≡ƒÄ▓ process_model_cases_corrected called with:
   no_of_model_cases: None
   lot_ids: ['LID170120261320050005']
   Γ¥î No model_cases or lot_ids provided, returning empty data

≡ƒöä create_enhanced_jig_detail:
   lot_ids_data: {'plating_stk_nos': ['2617NSA02'], 'polishing_stk_nos': ['2617XSA02'], 'version_names': 'A', 'plating_stk_nos_list': ['2617NSA02'], 'polishing_stk_nos_list': ['2617XSA02'], 'version_names_list': ['A']}
   model_cases_data: {'model_plating_stk_nos': '', 'model_polishing_stk_nos': '', 'model_version_names': '', 'model_plating_stk_nos_list': [], 'model_polishing_stk_nos_list': [], 'model_version_names_list': []}
   ≡ƒöä Plating color fallback from TotalStockModel: BLACK
   ≡ƒöä Tray info fallback from TotalStockModel: type=Normal, capacity=16
   ≡ƒô¥ Multi-lot data assigned (as lists):
      lot_plating_stk_nos: ['2617NSA02']
      lot_polishing_stk_nos: ['2617XSA02']
      lot_version_names: 'A'
   ≡ƒô¥ Multi-model data assigned:
      model_plating_stk_nos: ''
      model_polishing_stk_nos: ''
      model_version_names: ''
   ≡ƒÄ» Final combined data (model takes priority):
      final_plating_stk_nos: '2617NSA02'
      final_polishing_stk_nos: '2617XSA02'
      final_version_names: 'A'
   ≡ƒÜ⌐ Indicators:
      has_multiple_lots: True
      has_multiple_models: False

≡ƒöº apply_existing_logic for single lot_id: LID170120261320050005
   Γä╣∩╕Å No models for jig_detail, initialized empty dicts
Γ£à Final Results for JigDetail #2:
   final_plating_stk_nos: 2617NSA02
   final_polishing_stk_nos: 2617XSA02
   final_version_names: A

≡ƒôä Pagination: Page 1, Total items: 2

[OK] Found J144-0002 in processed jig_details

[CHECK] no_of_model_cases: []
[CHECK] model_colors: {}
[CHECK] model_images: {}
[FAIL] no_of_model_cases is EMPTY - data not being extracted!
       Original: None

======================================================================
TEST COMPLETE
======================================================================

